// Jest Snapshot v1, https://goo.gl/fbAQLP

exports[`should render NotesSummary 1`] = `
<div
  className="page-header"
>
  <div
    className="content-container"
  >
    <h1>
      My Notes
    </h1>
    <div
      className="page-header__actions"
    >
      <Link
        className="button"
        replace={false}
        to="/create"
      >
        Add Note
      </Link>
    </div>
  </div>
</div>
`;
